[0.348s] Invoking command in '/home/pritismankar/ros2_ws/build/my_odometry': /usr/bin/cmake /home/pritismankar/ros2_ws/src/my_odometry -DCMAKE_INSTALL_PREFIX=/home/pritismankar/ros2_ws/install/my_odometry
[0.650s] -- Found ament_cmake: 0.9.12 (/opt/ros/foxy/share/ament_cmake/cmake)
[0.650s] -- Using PYTHON_EXECUTABLE: /usr/bin/python3
[0.650s] -- Found rclcpp: 2.4.3 (/opt/ros/foxy/share/rclcpp/cmake)
[0.666s] -- Using all available rosidl_typesupport_c: rosidl_typesupport_fastrtps_c;rosidl_typesupport_introspection_c
[0.668s] -- Found rosidl_adapter: 1.3.1 (/opt/ros/foxy/share/rosidl_adapter/cmake)
[0.809s] -- Using all available rosidl_typesupport_cpp: rosidl_typesupport_fastrtps_cpp;rosidl_typesupport_introspection_cpp
[0.864s] -- Found rmw_implementation_cmake: 1.0.4 (/opt/ros/foxy/share/rmw_implementation_cmake/cmake)
[0.866s] -- Using RMW implementation 'rmw_fastrtps_cpp' as default
[1.020s] -- Found sensor_msgs: 2.0.5 (/opt/ros/foxy/share/sensor_msgs/cmake)
[1.157s] -- Found nav_msgs: 2.0.5 (/opt/ros/foxy/share/nav_msgs/cmake)
[1.230s] -- Found visualization_msgs: 2.0.5 (/opt/ros/foxy/share/visualization_msgs/cmake)
[1.291s] -- Found tf2: 0.13.14 (/opt/ros/foxy/share/tf2/cmake)
[1.304s] -- Found tf2_geometry_msgs: 0.13.14 (/opt/ros/foxy/share/tf2_geometry_msgs/cmake)
[1.311s] -- Found eigen3_cmake_module: 0.1.1 (/opt/ros/foxy/share/eigen3_cmake_module/cmake)
[1.865s] Error parsing '/home/pritismankar/ros2_ws/src/my_odometry/package.xml':
[2.029s] Traceback (most recent call last):
[2.029s]   File "/usr/lib/python3/dist-packages/catkin_pkg/package.py", line 610, in parse_package_string
[2.029s]     root = dom.parseString(data)
[2.030s]   File "/usr/lib/python3.8/xml/dom/minidom.py", line 1969, in parseString
[2.030s]     return expatbuilder.parseString(string)
[2.030s]   File "/usr/lib/python3.8/xml/dom/expatbuilder.py", line 925, in parseString
[2.031s]     return builder.parseString(string)
[2.031s]   File "/usr/lib/python3.8/xml/dom/expatbuilder.py", line 223, in parseString
[2.031s]     parser.Parse(string, True)
[2.031s] xml.parsers.expat.ExpatError: not well-formed (invalid token): line 5, column 25
[2.032s] 
[2.032s] During handling of the above exception, another exception occurred:
[2.032s] 
[2.032s] Traceback (most recent call last):
[2.033s]   File "/opt/ros/foxy/share/ament_cmake_core/cmake/core/package_xml_2_cmake.py", line 143, in <module>
[2.033s]     main()
[2.033s]   File "/opt/ros/foxy/share/ament_cmake_core/cmake/core/package_xml_2_cmake.py", line 52, in main
[2.033s]     raise e
[2.033s]   File "/opt/ros/foxy/share/ament_cmake_core/cmake/core/package_xml_2_cmake.py", line 48, in main
[2.034s]     package = parse_package_string(
[2.034s]   File "/usr/lib/python3/dist-packages/catkin_pkg/package.py", line 612, in parse_package_string
[2.039s]     raise InvalidPackage('The manifest contains invalid XML:\n%s' % ex, filename)
[2.043s] catkin_pkg.package.InvalidPackage: Error(s) in package '/home/pritismankar/ros2_ws/src/my_odometry/package.xml':
[2.044s] The manifest contains invalid XML:
[2.044s] not well-formed (invalid token): line 5, column 25
[2.089s] CMake Error at /opt/ros/foxy/share/ament_cmake_core/cmake/core/ament_package_xml.cmake:94 (message):
[2.090s]   execute_process(/usr/bin/python3
[2.090s]   /opt/ros/foxy/share/ament_cmake_core/cmake/core/package_xml_2_cmake.py
[2.090s]   /home/pritismankar/ros2_ws/src/my_odometry/package.xml
[2.090s]   /home/pritismankar/ros2_ws/build/my_odometry/ament_cmake_core/package.cmake)
[2.090s]   returned error code 1
[2.090s] Call Stack (most recent call first):
[2.090s]   /opt/ros/foxy/share/ament_cmake_core/cmake/core/ament_package_xml.cmake:49 (_ament_package_xml)
[2.090s]   /opt/ros/foxy/share/ament_cmake_core/cmake/core/ament_package.cmake:63 (ament_package_xml)
[2.090s]   CMakeLists.txt:35 (ament_package)
[2.090s] 
[2.090s] 
[2.093s] -- Configuring incomplete, errors occurred!
[2.094s] See also "/home/pritismankar/ros2_ws/build/my_odometry/CMakeFiles/CMakeOutput.log".
[2.094s] See also "/home/pritismankar/ros2_ws/build/my_odometry/CMakeFiles/CMakeError.log".
[2.437s] Invoked command in '/home/pritismankar/ros2_ws/build/my_odometry' returned '1': /usr/bin/cmake /home/pritismankar/ros2_ws/src/my_odometry -DCMAKE_INSTALL_PREFIX=/home/pritismankar/ros2_ws/install/my_odometry
